---
source: src/parser/mod.rs
expression: "parse(r\"\\mathbb{a\\mathbf{b}}\")"
---
Ok(
    [
        Group(
            [
                Symbol(
                    Symbol {
                        codepoint: 'ùïí',
                        atom_type: Alpha,
                    },
                ),
                Group(
                    [
                        Symbol(
                            Symbol {
                                codepoint: 'ùïì',
                                atom_type: Alpha,
                            },
                        ),
                    ],
                ),
            ],
        ),
    ],
)
