---
source: src/parser/mod.rs
expression: "parse(r\"\\sqrt\\sqrt2\")"
---
Err(
    MissingArgForCommand(
        "sqrt",
    ),
)
