---
source: src/parser/mod.rs
expression: "parse(r\"\\Bigl\\rangle\")"
---
Err(
    ExpectedAtomType {
        expected: Open,
        found: Close,
    },
)
