---
source: src/parser/mod.rs
expression: "parse(r\"\\sqrt^2\")"
---
Err(
    RequiredMacroArg,
)
