---
source: src/parser/mod.rs
expression: "parse(r\"\\left(\\alpha\\right)\")"
---
Ok(
    [
        Delimited(
            Delimited {
                delimiters: [
                    Symbol {
                        codepoint: '(',
                        atom_type: Open,
                    },
                    Symbol {
                        codepoint: ')',
                        atom_type: Close,
                    },
                ],
                inners: [
                    [
                        Symbol(
                            Symbol {
                                codepoint: 'ùõº',
                                atom_type: Alpha,
                            },
                        ),
                    ],
                ],
            },
        ),
    ],
)
