---
source: src/parser/mod.rs
expression: "parse(r\"\\bigr\\lBrack\")"
---
Err(
    ExpectedAtomType(
        Close,
        Open,
    ),
)
