---
source: src/parser/mod.rs
expression: "parse(r\"Ж\")"
---
Err(
    UnrecognizedSymbol(
        'Ж',
    ),
)
