---
source: src/parser/mod.rs
expression: "parse(r\"\\left(1\\middle|\")"
---
Err(
    UnexpectedEndGroup {
        expected: [
            RightDelimiter,
            MiddleDelimiter,
        ],
        got: EndOfInput,
    },
)
