---
source: src/parser/mod.rs
expression: "parse(r\"\\text{\\{\\}1}1}\")"
---
Err(
    ExpectedDelimiter {
        found: CloseBracket,
        expected: Eof,
    },
)
