---
source: src/parser/mod.rs
expression: "parse(r\"\\color{bred}{1+1}\")"
---
Err(
    UnrecognizedColor(
        "bred",
    ),
)
