---
source: src/parser/mod.rs
expression: "parse(r\"\\alpha_\\sqrt{1+2}\")"
---
Err(
    MissingArgForCommand(
        "sqrt",
    ),
)
