---
source: src/parser/mod.rs
expression: "parse(r\"5\\:2\")"
---
Ok(
    [
        Symbol(
            Symbol {
                codepoint: '5',
                atom_type: Alpha,
            },
        ),
        Kerning(
            Em(
                0.2222222222222222,
            ),
        ),
        Symbol(
            Symbol {
                codepoint: '2',
                atom_type: Alpha,
            },
        ),
    ],
)
