---
source: src/parser/mod.rs
expression: "parse(r\"\\le\")"
---
Ok(
    [
        Symbol(
            Symbol {
                codepoint: 'â‰¤',
                atom_type: Relation,
            },
        ),
    ],
)
